// Jest Snapshot v1, https://goo.gl/fbAQLP

exports[`DirectoryListPage component renders a directory 1`] = `
<DocumentFragment>
  <div
    class=""
    id="directories-page"
  >
    <input
      class="song-search"
      name="query"
      placeholder="search..."
      type="text"
      value=""
    />
    <div
      class="column1"
    >
      <table
        class="directory-listing table table-sm table-bordered table-hover"
      >
        <thead
          class="thead-light"
        >
          <tr>
            <th
              class="select"
            />
            <th
              class="title"
            >
              Title
            </th>
            <th
              class="artist"
            >
              Artist
            </th>
          </tr>
        </thead>
        <tbody>
          <tr
            class="directory expanded"
          >
            <td
              class="select"
            >
              <button
                class="btn btn-outline-dark btn-sm"
              >
                -
              </button>
            </td>
            <td
              class="directory"
              colspan="2"
              style="padding-left: 0em;"
            >
              <button
                class="title btn btn-link directory-link"
              >
                Clips
              </button>
            </td>
          </tr>
          <tr
            class="directory expandable"
          >
            <td
              class="select"
            >
              <button
                class="btn btn-outline-dark btn-sm"
              >
                +
              </button>
            </td>
            <td
              class="directory"
              colspan="2"
              style="padding-left: 1em;"
            >
              <button
                class="title btn btn-link directory-link"
              >
                100 Nows
              </button>
            </td>
          </tr>
          <tr
            class="directory expandable"
          >
            <td
              class="select"
            >
              <button
                class="btn btn-outline-dark btn-sm"
              >
                +
              </button>
            </td>
            <td
              class="directory"
              colspan="2"
              style="padding-left: 1em;"
            >
              <button
                class="title btn btn-link directory-link"
              >
                2000s
              </button>
            </td>
          </tr>
          <tr
            class="directory expandable"
          >
            <td
              class="select"
            >
              <button
                class="btn btn-outline-dark btn-sm"
              >
                +
              </button>
            </td>
            <td
              class="directory"
              colspan="2"
              style="padding-left: 1em;"
            >
              <button
                class="title btn btn-link directory-link"
              >
                2010s
              </button>
            </td>
          </tr>
          <tr
            class="directory expandable"
          >
            <td
              class="select"
            >
              <button
                class="btn btn-outline-dark btn-sm"
              >
                +
              </button>
            </td>
            <td
              class="directory"
              colspan="2"
              style="padding-left: 1em;"
            >
              <button
                class="title btn btn-link directory-link"
              >
                American
              </button>
            </td>
          </tr>
          <tr
            class="directory expandable"
          >
            <td
              class="select"
            >
              <button
                class="btn btn-outline-dark btn-sm"
              >
                +
              </button>
            </td>
            <td
              class="directory"
              colspan="2"
              style="padding-left: 1em;"
            >
              <button
                class="title btn btn-link directory-link"
              >
                Chilled Christmas
              </button>
            </td>
          </tr>
          <tr
            class="directory expandable"
          >
            <td
              class="select"
            >
              <button
                class="btn btn-outline-dark btn-sm"
              >
                +
              </button>
            </td>
            <td
              class="directory"
              colspan="2"
              style="padding-left: 1em;"
            >
              <button
                class="title btn btn-link directory-link"
              >
                Disco
              </button>
            </td>
          </tr>
        </tbody>
      </table>
    </div>
    <div
      class="directory-detail"
    />
  </div>
</DocumentFragment>
`;
