// Vitest Snapshot v1, https://vitest.dev/guide/snapshot.html

exports[`Message component > matches JSON snapshot 1`] = `
<DocumentFragment>
  <div
    class="alert alert-dismissible alert-info"
    id="msg_2"
    role="alert"
  >
    <button
      aria-label="Close"
      class="close"
      data-dismiss="alert"
      type="button"
    >
      <span
        aria-hidden="true"
      >
        ×
      </span>
    </button>
    <div
      class="message-timestamp"
    >
      20:34:58 08/02/2023
    </div>
    <span
      aria-hidden="true"
      class="glyphicon glyphicon-info-sign"
    >
       
    </span>
    <div
      class="message-text"
    >
      <h4
        class="alert-heading"
      >
        message heading
      </h4>
      <p>
        line 1 of message
      </p>
      <p>
        line 2 of message
      </p>
    </div>
  </div>
</DocumentFragment>
`;
