// Jest Snapshot v1, https://goo.gl/fbAQLP

exports[`PasswordResetPage component renders without throwing an exception with initial state 1`] = `
<DocumentFragment>
  <form
    class="password-reset-form"
  >
    <h2>
      Request a password reset
    </h2>
    <div
      class="form-group"
    >
      <label
        for="field-email"
      >
        Email address
      </label>
      <input
        class="form-control   "
        id="field-email"
        name="email"
        placeholder="Email address"
        type="email"
      />
      <small
        class="form-text text-muted"
      >
        This must be the email address you used when registering. This is why we asked for your email address when you registered!
      </small>
    </div>
    <div
      class="form-group modal-footer"
    >
      <button
        class="btn btn-primary"
        type="submit"
      >
        Request Password Reset
      </button>
      <button
        class="btn btn-danger"
        name="cancel"
        type="cancel"
      >
        Cancel
      </button>
    </div>
  </form>
</DocumentFragment>
`;
