// Vitest Snapshot v1, https://vitest.dev/guide/snapshot.html

exports[`PastGamesCalendar component > matches snapshot 1`] = `
<DocumentFragment>
  <table
    class="past-games-calendar table table-striped"
  >
    <thead>
      <tr
        class="year-row"
      >
        <th
          class="theme-title"
          rowspan="2"
        >
          Theme
        </th>
        <th
          class="year"
          colspan="1"
        >
          <a
            href="/history/calendar/2018"
          >
            2018
          </a>
        </th>
        <th
          class="year"
          colspan="1"
        >
          <a
            href="/history/calendar/2019"
          >
            2019
          </a>
        </th>
        <th
          class="year"
          colspan="3"
        >
          <a
            href="/history/calendar/2020"
          >
            2020
          </a>
        </th>
        <th
          class="year"
          colspan="1"
        >
          <a
            href="/history/calendar/2021"
          >
            2021
          </a>
        </th>
        <th
          class="year"
          colspan="3"
        >
          <a
            href="/history/calendar/2022"
          >
            2022
          </a>
        </th>
        <th
          class="year"
          colspan="3"
        >
          <a
            href="/history/calendar/2023"
          >
            2023
          </a>
        </th>
        <th
          class="theme-title"
          rowspan="2"
        >
          Theme
        </th>
      </tr>
      <tr
        class="month-row"
      >
        <th
          class="month"
        >
          08
        </th>
        <th
          class="month"
        >
          06
        </th>
        <th
          class="month"
        >
          01
        </th>
        <th
          class="month"
        >
          02
        </th>
        <th
          class="month"
        >
          08
        </th>
        <th
          class="month"
        >
          11
        </th>
        <th
          class="month"
        >
          04
        </th>
        <th
          class="month"
        >
          08
        </th>
        <th
          class="month"
        >
          11
        </th>
        <th
          class="month"
        >
          05
        </th>
        <th
          class="month"
        >
          09
        </th>
        <th
          class="month"
        >
          10
        </th>
      </tr>
    </thead>
    <tbody>
      <tr>
        <td
          class="theme-title"
        >
          <a
            href="/history/themes/100nows"
          >
            100 Nows
          </a>
        </td>
        <td
          class="calendar-cell inactive"
        >
          0
        </td>
        <td
          class="calendar-cell inactive"
        >
          0
        </td>
        <td
          class="calendar-cell inactive"
        >
          0
        </td>
        <td
          class="calendar-cell active"
        >
          1
        </td>
        <td
          class="calendar-cell active"
        >
          1
        </td>
        <td
          class="calendar-cell inactive"
        >
          0
        </td>
        <td
          class="calendar-cell active"
        >
          1
        </td>
        <td
          class="calendar-cell inactive"
        >
          0
        </td>
        <td
          class="calendar-cell active"
        >
          1
        </td>
        <td
          class="calendar-cell inactive"
        >
          0
        </td>
        <td
          class="calendar-cell active"
        >
          1
        </td>
        <td
          class="calendar-cell inactive"
        >
          0
        </td>
        <td
          class="theme-title"
        >
          <a
            href="/history/themes/100nows"
          >
            100 Nows
          </a>
        </td>
      </tr>
      <tr>
        <td
          class="theme-title"
        >
          <a
            href="/history/themes/1973"
          >
            1973
          </a>
        </td>
        <td
          class="calendar-cell inactive"
        >
          0
        </td>
        <td
          class="calendar-cell inactive"
        >
          0
        </td>
        <td
          class="calendar-cell inactive"
        >
          0
        </td>
        <td
          class="calendar-cell inactive"
        >
          0
        </td>
        <td
          class="calendar-cell inactive"
        >
          0
        </td>
        <td
          class="calendar-cell inactive"
        >
          0
        </td>
        <td
          class="calendar-cell inactive"
        >
          0
        </td>
        <td
          class="calendar-cell inactive"
        >
          0
        </td>
        <td
          class="calendar-cell inactive"
        >
          0
        </td>
        <td
          class="calendar-cell inactive"
        >
          0
        </td>
        <td
          class="calendar-cell inactive"
        >
          0
        </td>
        <td
          class="calendar-cell active"
        >
          1
        </td>
        <td
          class="theme-title"
        >
          <a
            href="/history/themes/1973"
          >
            1973
          </a>
        </td>
      </tr>
      <tr>
        <td
          class="theme-title"
        >
          <a
            href="/history/themes/2000s"
          >
            2000s
          </a>
        </td>
        <td
          class="calendar-cell active"
        >
          1
        </td>
        <td
          class="calendar-cell active"
        >
          1
        </td>
        <td
          class="calendar-cell active"
        >
          1
        </td>
        <td
          class="calendar-cell inactive"
        >
          0
        </td>
        <td
          class="calendar-cell inactive"
        >
          0
        </td>
        <td
          class="calendar-cell active"
        >
          1
        </td>
        <td
          class="calendar-cell inactive"
        >
          0
        </td>
        <td
          class="calendar-cell active"
        >
          1
        </td>
        <td
          class="calendar-cell inactive"
        >
          0
        </td>
        <td
          class="calendar-cell active"
        >
          1
        </td>
        <td
          class="calendar-cell inactive"
        >
          0
        </td>
        <td
          class="calendar-cell inactive"
        >
          0
        </td>
        <td
          class="theme-title"
        >
          <a
            href="/history/themes/2000s"
          >
            2000s
          </a>
        </td>
      </tr>
    </tbody>
  </table>
</DocumentFragment>
`;
