// Jest Snapshot v1, https://goo.gl/fbAQLP

exports[`PastGamesCalendarPage component to render a calendar previous games 1`] = `
<DocumentFragment>
  <div
    class=""
    id="games-page"
  >
    <div
      class="past-games-buttons"
    >
      <div
        class="row mb-4 page-calendar"
      >
        <div
          class="col text-center"
        >
          <a
            class="btn btn-lg btn-light border border-dark-subtle popularity-button"
            href="/history"
          >
            <h4>
              Theme Popularity
            </h4>
          </a>
        </div>
        <div
          class="col text-center"
        >
          <a
            class="btn btn-lg btn-light border border-dark-subtle usage-button"
            href="/history/themes"
          >
            <h4>
              Theme Last Usage
            </h4>
          </a>
        </div>
        <div
          class="col text-center"
        >
          <a
            class="btn btn-lg btn-light border border-dark-subtle calendar-button"
            href="/history/calendar"
          >
            <h4>
              Games Calendar
            </h4>
          </a>
        </div>
        <div
          class="col text-center"
        >
          <a
            class="btn btn-lg btn-light border border-dark-subtle all-button"
            href="/history/games"
          >
            <h4>
              All Games
            </h4>
          </a>
        </div>
      </div>
    </div>
    <table
      class="past-games-calendar table table-striped"
    >
      <thead>
        <tr
          class="year-row"
        >
          <th
            class="theme-title"
            rowspan="2"
          >
            Theme
          </th>
          <th
            class="year"
            colspan="2"
          >
            2018
          </th>
          <th
            class="year"
            colspan="1"
          >
            2020
          </th>
          <th
            class="theme-title"
            rowspan="2"
          >
            Theme
          </th>
        </tr>
        <tr
          class="month-row"
        >
          <th
            class="month"
          >
            04
          </th>
          <th
            class="month"
          >
            05
          </th>
          <th
            class="month"
          >
            06
          </th>
        </tr>
      </thead>
      <tbody>
        <tr>
          <td
            class="theme-title"
          >
            <a
              href="/history/themes/motown"
            >
              Motown
            </a>
          </td>
          <td
            class="calendar-cell inactive"
          >
            0
          </td>
          <td
            class="calendar-cell active"
          >
            1
          </td>
          <td
            class="calendar-cell inactive"
          >
            0
          </td>
          <td
            class="theme-title"
          >
            <a
              href="/history/themes/motown"
            >
              Motown
            </a>
          </td>
        </tr>
        <tr>
          <td
            class="theme-title"
          >
            <a
              href="/history/themes/pot-luck"
            >
              Pot Luck
            </a>
          </td>
          <td
            class="calendar-cell active"
          >
            1
          </td>
          <td
            class="calendar-cell inactive"
          >
            0
          </td>
          <td
            class="calendar-cell inactive"
          >
            0
          </td>
          <td
            class="theme-title"
          >
            <a
              href="/history/themes/pot-luck"
            >
              Pot Luck
            </a>
          </td>
        </tr>
        <tr>
          <td
            class="theme-title"
          >
            <a
              href="/history/themes/pride"
            >
              Pride
            </a>
          </td>
          <td
            class="calendar-cell inactive"
          >
            0
          </td>
          <td
            class="calendar-cell inactive"
          >
            0
          </td>
          <td
            class="calendar-cell active"
          >
            1
          </td>
          <td
            class="theme-title"
          >
            <a
              href="/history/themes/pride"
            >
              Pride
            </a>
          </td>
        </tr>
        <tr>
          <td
            class="theme-title"
          >
            <a
              href="/history/themes/rock"
            >
              Rock
            </a>
          </td>
          <td
            class="calendar-cell active"
          >
            1
          </td>
          <td
            class="calendar-cell inactive"
          >
            0
          </td>
          <td
            class="calendar-cell active"
          >
            1
          </td>
          <td
            class="theme-title"
          >
            <a
              href="/history/themes/rock"
            >
              Rock
            </a>
          </td>
        </tr>
        <tr>
          <td
            class="theme-title"
          >
            <a
              href="/history/themes/rock-power-ballads"
            >
              Rock & Power Ballads
            </a>
          </td>
          <td
            class="calendar-cell inactive"
          >
            0
          </td>
          <td
            class="calendar-cell active"
          >
            1
          </td>
          <td
            class="calendar-cell inactive"
          >
            0
          </td>
          <td
            class="theme-title"
          >
            <a
              href="/history/themes/rock-power-ballads"
            >
              Rock & Power Ballads
            </a>
          </td>
        </tr>
        <tr>
          <td
            class="theme-title"
          >
            <a
              href="/history/themes/sunshine"
            >
              sunshine
            </a>
          </td>
          <td
            class="calendar-cell inactive"
          >
            0
          </td>
          <td
            class="calendar-cell inactive"
          >
            0
          </td>
          <td
            class="calendar-cell active"
          >
            1
          </td>
          <td
            class="theme-title"
          >
            <a
              href="/history/themes/sunshine"
            >
              sunshine
            </a>
          </td>
        </tr>
        <tr>
          <td
            class="theme-title"
          >
            <a
              href="/history/themes/various-artists"
            >
              Various Artists
            </a>
          </td>
          <td
            class="calendar-cell active"
          >
            1
          </td>
          <td
            class="calendar-cell inactive"
          >
            0
          </td>
          <td
            class="calendar-cell inactive"
          >
            0
          </td>
          <td
            class="theme-title"
          >
            <a
              href="/history/themes/various-artists"
            >
              Various Artists
            </a>
          </td>
        </tr>
      </tbody>
    </table>
  </div>
</DocumentFragment>
`;
