// Jest Snapshot v1, https://goo.gl/fbAQLP

exports[`PastGamesPage component to render listing of previous games 1`] = `
<DocumentFragment>
  <div
    class=""
    id="games-page"
  >
    <div
      class="action-panel"
    >
      <button
        class="btn btn-primary ml-2"
      >
        Import a game
      </button>
    </div>
    <div
      class="vert-popularity-graph"
    >
      <button
        class="btn btn-light rotate-icon"
      >
         
      </button>
      <div
        class="theme"
        style="font-size: 1em;"
      >
        <div
          class="bar-wrap"
        >
          <div
            class="bar"
            style="height: 50%; background-color: rgb(255, 0, 0);"
          >
            1
          </div>
        </div>
        <div
          class="name"
          style="color: rgb(255, 0, 0);"
        >
          Pot Luck
        </div>
      </div>
      <div
        class="theme"
        style="font-size: 1em;"
      >
        <div
          class="bar-wrap"
        >
          <div
            class="bar"
            style="height: 100%; background-color: rgb(0, 128, 0);"
          >
            2
          </div>
        </div>
        <div
          class="name"
          style="color: rgb(0, 128, 0);"
        >
          Rock
        </div>
      </div>
      <div
        class="theme"
        style="font-size: 1em;"
      >
        <div
          class="bar-wrap"
        >
          <div
            class="bar"
            style="height: 50%; background-color: rgb(0, 239, 239);"
          >
            1
          </div>
        </div>
        <div
          class="name"
          style="color: rgb(0, 239, 239);"
        >
          Various Artists
        </div>
      </div>
      <div
        class="theme"
        style="font-size: 1em;"
      >
        <div
          class="bar-wrap"
        >
          <div
            class="bar"
            style="height: 50%; background-color: rgb(128, 128, 0);"
          >
            1
          </div>
        </div>
        <div
          class="name"
          style="color: rgb(128, 128, 0);"
        >
          Rock & Power Ballads
        </div>
      </div>
      <div
        class="theme"
        style="font-size: 1em;"
      >
        <div
          class="bar-wrap"
        >
          <div
            class="bar"
            style="height: 50%; background-color: rgb(191, 191, 0);"
          >
            1
          </div>
        </div>
        <div
          class="name"
          style="color: rgb(191, 191, 0);"
        >
          Motown
        </div>
      </div>
      <div
        class="theme"
        style="font-size: 1em;"
      >
        <div
          class="bar-wrap"
        >
          <div
            class="bar"
            style="height: 50%; background-color: rgb(128, 128, 128);"
          >
            1
          </div>
        </div>
        <div
          class="name"
          style="color: rgb(128, 128, 128);"
        >
          sunshine
        </div>
      </div>
      <div
        class="theme"
        style="font-size: 1em;"
      >
        <div
          class="bar-wrap"
        >
          <div
            class="bar"
            style="height: 50%; background-color: rgb(0, 128, 128);"
          >
            1
          </div>
        </div>
        <div
          class="name"
          style="color: rgb(0, 128, 128);"
        >
          Pride
        </div>
      </div>
    </div>
    <table
      class="table table-bordered game-list"
    >
      <thead>
        <tr>
          <th
            class="available-games"
            colspan="4"
          >
            Previous Bingo games
            <button
              aria-label="Reload"
              class="btn btn-light refresh-icon btn-sm"
            >
              ↻
            </button>
          </th>
        </tr>
        <tr>
          <th
            class="round-column"
          >
            Round
          </th>
          <th
            class="date-column"
          >
            Date and Time
          </th>
          <th
            class="theme-column"
          >
            Theme
          </th>
          <th
            class="ticket-column"
          >
            Track listing
          </th>
        </tr>
      </thead>
      <tbody>
        <tr>
          <th
            colspan="4"
          >
            Thu Apr 05 2018
          </th>
        </tr>
        <tr
          class="round-1 green-theme"
          data-testid="pastgame[2]"
        >
          <td
            class="round-column"
          >
            1
          </td>
          <td
            class="date-column"
          >
            8:43:00 pm 05/04/2018
          </td>
          <td
            class="theme-column"
          >
            <a
              href="/history/18-04-25-2"
            >
              Pot Luck
            </a>
          </td>
          <td
            class="ticket-column"
          >
            <a
              href="/history/18-04-25-2"
            >
              View track listing
            </a>
          </td>
        </tr>
        <tr>
          <th
            colspan="4"
          >
            Fri Apr 06 2018
          </th>
        </tr>
        <tr
          class="round-1 blue-theme"
          data-testid="pastgame[1]"
        >
          <td
            class="round-column"
          >
            1
          </td>
          <td
            class="date-column"
          >
            7:24:25 pm 06/04/2018
          </td>
          <td
            class="theme-column"
          >
            <a
              href="/history/18-04-25-1"
            >
              Rock
            </a>
          </td>
          <td
            class="ticket-column"
          >
            <a
              href="/history/18-04-25-1"
            >
              View track listing
            </a>
          </td>
        </tr>
        <tr>
          <th
            colspan="4"
          >
            Sun Apr 22 2018
          </th>
        </tr>
        <tr
          class="round-1 blue-theme"
          data-testid="pastgame[159]"
        >
          <td
            class="round-column"
          >
            1
          </td>
          <td
            class="date-column"
          >
            3:43:56 pm 22/04/2018
          </td>
          <td
            class="theme-column"
          >
            <a
              href="/history/18-04-22-2"
            >
              Various Artists
            </a>
          </td>
          <td
            class="ticket-column"
          >
            <a
              href="/history/18-04-22-2"
            >
              View track listing
            </a>
          </td>
        </tr>
        <tr>
          <th
            colspan="4"
          >
            Thu May 03 2018
          </th>
        </tr>
        <tr
          class="round-1 blue-theme"
          data-testid="pastgame[3]"
        >
          <td
            class="round-column"
          >
            1
          </td>
          <td
            class="date-column"
          >
            7:51:00 pm 03/05/2018
          </td>
          <td
            class="theme-column"
          >
            <a
              href="/history/18-05-02-1"
            >
              Rock & Power Ballads
            </a>
          </td>
          <td
            class="ticket-column"
          >
            <a
              href="/history/18-05-02-1"
            >
              View track listing
            </a>
          </td>
        </tr>
        <tr
          class="round-2 green-theme"
          data-testid="pastgame[4]"
        >
          <td
            class="round-column"
          >
            2
          </td>
          <td
            class="date-column"
          >
            8:58:47 pm 03/05/2018
          </td>
          <td
            class="theme-column"
          >
            <a
              href="/history/18-05-02-2"
            >
              Motown
            </a>
          </td>
          <td
            class="ticket-column"
          >
            <a
              href="/history/18-05-02-2"
            >
              View track listing
            </a>
          </td>
        </tr>
        <tr>
          <th
            colspan="4"
          >
            Mon Jun 01 2020
          </th>
        </tr>
        <tr
          class="round-1 yellow-theme"
          data-testid="pastgame[84]"
        >
          <td
            class="round-column"
          >
            1
          </td>
          <td
            class="date-column"
          >
            7:00:00 pm 01/06/2020
          </td>
          <td
            class="theme-column"
          >
            <a
              href="/history/20-06-01-2"
            >
              Rock
            </a>
          </td>
          <td
            class="ticket-column"
          >
            <a
              href="/history/20-06-01-2"
            >
              View track listing
            </a>
          </td>
        </tr>
        <tr>
          <th
            colspan="4"
          >
            Thu Jun 04 2020
          </th>
        </tr>
        <tr
          class="round-1 yellow-theme"
          data-testid="pastgame[85]"
        >
          <td
            class="round-column"
          >
            1
          </td>
          <td
            class="date-column"
          >
            7:30:00 pm 04/06/2020
          </td>
          <td
            class="theme-column"
          >
            <a
              href="/history/20-06-03-1"
            >
              sunshine
            </a>
          </td>
          <td
            class="ticket-column"
          >
            <a
              href="/history/20-06-03-1"
            >
              View track listing
            </a>
          </td>
        </tr>
        <tr
          class="round-2 pride-theme"
          data-testid="pastgame[86]"
        >
          <td
            class="round-column"
          >
            2
          </td>
          <td
            class="date-column"
          >
            8:01:00 pm 04/06/2020
          </td>
          <td
            class="theme-column"
          >
            <a
              href="/history/20-06-03-2"
            >
              Pride
            </a>
          </td>
          <td
            class="ticket-column"
          >
            <a
              href="/history/20-06-03-2"
            >
              View track listing
            </a>
          </td>
        </tr>
      </tbody>
    </table>
  </div>
</DocumentFragment>
`;
