// Jest Snapshot v1, https://goo.gl/fbAQLP

exports[`TrackListing component to render a game with 3 tracks 1`] = `
<DocumentFragment>
  <div>
    <table
      class="table table-bordered track-listing"
    >
      <thead>
        <tr>
          <th
            class="heading"
            colspan="6"
          >
            Track listing for Game 18-04-25-2: "Pot Luck"
          </th>
        </tr>
        <tr>
          <th
            class="number"
          >
            #
          </th>
          <th
            class="start-time"
          >
            Start
          </th>
          <th
            class="title"
          >
            Title
          </th>
          <th
            class="artist"
          >
            Artist
          </th>
          <th
            class="album"
          >
            Album
          </th>
          <th
            class="duration"
          >
            Duration
          </th>
        </tr>
      </thead>
      <tbody>
        <tr
          class="track green-theme"
          data-testid="track[2]"
        >
          <td
            class="number"
          >
            2
          </td>
          <td
            class="start-time"
          >
            00:40.0
          </td>
          <td
            class="title"
          >
            You Spin Me Round (Like a Record)
          </td>
          <td
            class="artist"
          >
            Dead Or Alive
          </td>
          <td
            class="album"
          >
            100 Hits 80s Essentials
          </td>
          <td
            class="duration"
          >
            00:30.0
          </td>
        </tr>
        <tr
          class="track green-theme"
          data-testid="track[3]"
        >
          <td
            class="number"
          >
            3
          </td>
          <td
            class="start-time"
          >
            01:11.0
          </td>
          <td
            class="title"
          >
            Mad World (From "Donnie Darko")
          </td>
          <td
            class="artist"
          >
            Tears For Fears
          </td>
          <td
            class="album"
          >
            Now That's What I Call Movies
          </td>
          <td
            class="duration"
          >
            00:30.0
          </td>
        </tr>
        <tr
          class="track green-theme"
          data-testid="track[4]"
        >
          <td
            class="number"
          >
            4
          </td>
          <td
            class="start-time"
          >
            01:42.1
          </td>
          <td
            class="title"
          >
            Why (From "Soup for One")
          </td>
          <td
            class="artist"
          >
            Carly Simon
          </td>
          <td
            class="album"
          >
            Now That's What I Call Movies
          </td>
          <td
            class="duration"
          >
            00:30.0
          </td>
        </tr>
      </tbody>
    </table>
  </div>
</DocumentFragment>
`;
