// Jest Snapshot v1, https://goo.gl/fbAQLP

exports[`ChooseTicketsPage component to shows a list of tickets 1`] = `
<DocumentFragment>
  <div>
    <div
      class="ticket-chooser"
    >
      <h1>
        The theme of this round is "Various Artists"
      </h1>
      <p
        class="instructions"
      >
        Please select a Bingo Ticket
      </p>
      <button
        class="bingo-ticket available blue"
        data-number="0"
        data-pk="6597"
      >
        <span
          class="ticket-number"
        >
          0
        </span>
      </button>
      <button
        class="bingo-ticket available blue"
        data-number="1"
        data-pk="6598"
      >
        <span
          class="ticket-number"
        >
          1
        </span>
      </button>
      <button
        class="bingo-ticket available blue"
        data-number="2"
        data-pk="6599"
      >
        <span
          class="ticket-number"
        >
          2
        </span>
      </button>
      <button
        class="bingo-ticket available blue"
        data-number="3"
        data-pk="6600"
      >
        <span
          class="ticket-number"
        >
          3
        </span>
      </button>
      <button
        class="bingo-ticket available blue"
        data-number="4"
        data-pk="6601"
      >
        <span
          class="ticket-number"
        >
          4
        </span>
      </button>
      <button
        class="bingo-ticket available blue"
        data-number="5"
        data-pk="6602"
      >
        <span
          class="ticket-number"
        >
          5
        </span>
      </button>
      <button
        class="bingo-ticket available blue"
        data-number="6"
        data-pk="6603"
      >
        <span
          class="ticket-number"
        >
          6
        </span>
      </button>
      <button
        class="bingo-ticket available blue"
        data-number="7"
        data-pk="6604"
      >
        <span
          class="ticket-number"
        >
          7
        </span>
      </button>
      <button
        class="bingo-ticket available blue"
        data-number="8"
        data-pk="6605"
      >
        <span
          class="ticket-number"
        >
          8
        </span>
      </button>
      <button
        class="bingo-ticket available blue"
        data-number="9"
        data-pk="6606"
      >
        <span
          class="ticket-number"
        >
          9
        </span>
      </button>
      <button
        class="bingo-ticket available blue"
        data-number="10"
        data-pk="6607"
      >
        <span
          class="ticket-number"
        >
          10
        </span>
      </button>
      <button
        class="bingo-ticket available blue"
        data-number="11"
        data-pk="6608"
      >
        <span
          class="ticket-number"
        >
          11
        </span>
      </button>
      <button
        class="bingo-ticket available blue"
        data-number="12"
        data-pk="6609"
      >
        <span
          class="ticket-number"
        >
          12
        </span>
      </button>
      <button
        class="bingo-ticket available blue"
        data-number="13"
        data-pk="6610"
      >
        <span
          class="ticket-number"
        >
          13
        </span>
      </button>
      <button
        class="bingo-ticket available blue"
        data-number="14"
        data-pk="6611"
      >
        <span
          class="ticket-number"
        >
          14
        </span>
      </button>
      <button
        class="bingo-ticket available blue"
        data-number="15"
        data-pk="6612"
      >
        <span
          class="ticket-number"
        >
          15
        </span>
      </button>
      <button
        class="bingo-ticket available blue"
        data-number="16"
        data-pk="6613"
      >
        <span
          class="ticket-number"
        >
          16
        </span>
      </button>
      <button
        class="bingo-ticket available blue"
        data-number="17"
        data-pk="6614"
      >
        <span
          class="ticket-number"
        >
          17
        </span>
      </button>
      <button
        class="bingo-ticket available blue"
        data-number="18"
        data-pk="6615"
      >
        <span
          class="ticket-number"
        >
          18
        </span>
      </button>
      <button
        class="bingo-ticket available blue"
        data-number="19"
        data-pk="6616"
      >
        <span
          class="ticket-number"
        >
          19
        </span>
      </button>
      <button
        class="bingo-ticket available blue"
        data-number="20"
        data-pk="6617"
      >
        <span
          class="ticket-number"
        >
          20
        </span>
      </button>
      <button
        class="bingo-ticket available blue"
        data-number="21"
        data-pk="6618"
      >
        <span
          class="ticket-number"
        >
          21
        </span>
      </button>
      <button
        class="bingo-ticket available blue"
        data-number="22"
        data-pk="6619"
      >
        <span
          class="ticket-number"
        >
          22
        </span>
      </button>
      <button
        class="bingo-ticket available blue"
        data-number="23"
        data-pk="6620"
      >
        <span
          class="ticket-number"
        >
          23
        </span>
      </button>
      <button
        class="bingo-ticket available blue"
        data-number="24"
        data-pk="6621"
      >
        <span
          class="ticket-number"
        >
          24
        </span>
      </button>
      <button
        class="bingo-ticket available blue"
        data-number="25"
        data-pk="6622"
      >
        <span
          class="ticket-number"
        >
          25
        </span>
      </button>
      <button
        class="bingo-ticket available blue"
        data-number="26"
        data-pk="6623"
      >
        <span
          class="ticket-number"
        >
          26
        </span>
      </button>
      <button
        class="bingo-ticket available blue"
        data-number="27"
        data-pk="6624"
      >
        <span
          class="ticket-number"
        >
          27
        </span>
      </button>
      <button
        class="bingo-ticket available blue"
        data-number="28"
        data-pk="6625"
      >
        <span
          class="ticket-number"
        >
          28
        </span>
      </button>
      <button
        class="bingo-ticket available blue"
        data-number="29"
        data-pk="6626"
      >
        <span
          class="ticket-number"
        >
          29
        </span>
      </button>
    </div>
    <form
      class="modify-game border"
    >
      <button
        class="btn btn-light refresh-icon btn-sm"
      >
        ↻
      </button>
      <div
        class="form-group"
      >
        <label
          for="field-title"
        >
          Title
          <span
            class="required"
          >
            *
          </span>
        </label>
        <input
          class="form-control title  "
          id="field-title"
          name="title"
          placeholder="Title"
          type="text"
        />
        <small
          class="form-text text-muted"
        >
          Title for this round
        </small>
      </div>
      <div
        class="form-group"
      >
        <label
          for="start"
        >
          Start time
          <span
            class="required"
          >
            *
          </span>
        </label>
        <div
          class="react-datetime-picker react-datetime-picker--closed react-datetime-picker--enabled"
        >
          <div
            class="react-datetime-picker__wrapper"
          >
            <div
              class="react-datetime-picker__inputGroup"
            >
              <input
                max="275760-09-13T00:00"
                min="0001-01-01T00:00"
                name="start"
                required=""
                step="60"
                style="visibility: hidden; position: absolute; z-index: -999;"
                type="datetime-local"
                value="2018-04-22T15:43"
              />
              <input
                autocomplete="off"
                class="react-datetime-picker__inputGroup__input react-datetime-picker__inputGroup__day"
                data-input="true"
                inputmode="numeric"
                max="30"
                min="1"
                name="day"
                placeholder="--"
                required=""
                type="number"
                value="22"
              />
              <span
                class="react-datetime-picker__inputGroup__divider"
              >
                /
              </span>
              <input
                autocomplete="off"
                class="react-datetime-picker__inputGroup__input react-datetime-picker__inputGroup__month"
                data-input="true"
                inputmode="numeric"
                max="12"
                min="1"
                name="month"
                placeholder="--"
                required=""
                type="number"
                value="4"
              />
              <span
                class="react-datetime-picker__inputGroup__divider"
              >
                /
              </span>
              <input
                autocomplete="off"
                class="react-datetime-picker__inputGroup__input react-datetime-picker__inputGroup__year"
                data-input="true"
                inputmode="numeric"
                max="275760"
                min="1"
                name="year"
                placeholder="----"
                required=""
                step="1"
                type="number"
                value="2018"
              />
              <span
                class="react-datetime-picker__inputGroup__divider"
              >
                 
              </span>
              <input
                autocomplete="off"
                class="react-datetime-picker__inputGroup__input react-datetime-picker__inputGroup__hour"
                data-input="true"
                inputmode="numeric"
                max="23"
                min="0"
                name="hour24"
                placeholder="--"
                required=""
                type="number"
                value="15"
              />
              <span
                class="react-datetime-picker__inputGroup__divider"
              >
                :
              </span>
              <input
                autocomplete="off"
                class="react-datetime-picker__inputGroup__input react-datetime-picker__inputGroup__minute"
                data-input="true"
                inputmode="numeric"
                max="59"
                min="0"
                name="minute"
                placeholder="--"
                required=""
                type="number"
                value="43"
              />
            </div>
            <button
              class="react-datetime-picker__clear-button react-datetime-picker__button"
              type="button"
            >
              <svg
                class="react-datetime-picker__clear-button__icon react-datetime-picker__button__icon"
                height="19"
                stroke="black"
                stroke-width="2"
                viewBox="0 0 19 19"
                width="19"
                xmlns="http://www.w3.org/2000/svg"
              >
                <line
                  x1="4"
                  x2="15"
                  y1="4"
                  y2="15"
                />
                <line
                  x1="15"
                  x2="4"
                  y1="4"
                  y2="15"
                />
              </svg>
            </button>
            <button
              class="react-datetime-picker__calendar-button react-datetime-picker__button"
              type="button"
            >
              <svg
                class="react-datetime-picker__calendar-button__icon react-datetime-picker__button__icon"
                height="19"
                stroke="black"
                stroke-width="2"
                viewBox="0 0 19 19"
                width="19"
                xmlns="http://www.w3.org/2000/svg"
              >
                <rect
                  fill="none"
                  height="15"
                  width="15"
                  x="2"
                  y="2"
                />
                <line
                  x1="6"
                  x2="6"
                  y1="0"
                  y2="4"
                />
                <line
                  x1="13"
                  x2="13"
                  y1="0"
                  y2="4"
                />
              </svg>
            </button>
          </div>
        </div>
        <small
          class="form-text text-muted"
        />
      </div>
      <div
        class="form-group"
      >
        <label
          for="end"
        >
          End time
          <span
            class="required"
          >
            *
          </span>
        </label>
        <div
          class="react-datetime-picker react-datetime-picker--closed react-datetime-picker--enabled"
        >
          <div
            class="react-datetime-picker__wrapper"
          >
            <div
              class="react-datetime-picker__inputGroup"
            >
              <input
                max="275760-09-13T00:00"
                min="0001-01-01T00:00"
                name="end"
                required=""
                step="60"
                style="visibility: hidden; position: absolute; z-index: -999;"
                type="datetime-local"
                value="2018-04-23T15:43"
              />
              <input
                autocomplete="off"
                class="react-datetime-picker__inputGroup__input react-datetime-picker__inputGroup__day"
                data-input="true"
                inputmode="numeric"
                max="30"
                min="1"
                name="day"
                placeholder="--"
                required=""
                type="number"
                value="23"
              />
              <span
                class="react-datetime-picker__inputGroup__divider"
              >
                /
              </span>
              <input
                autocomplete="off"
                class="react-datetime-picker__inputGroup__input react-datetime-picker__inputGroup__month"
                data-input="true"
                inputmode="numeric"
                max="12"
                min="1"
                name="month"
                placeholder="--"
                required=""
                type="number"
                value="4"
              />
              <span
                class="react-datetime-picker__inputGroup__divider"
              >
                /
              </span>
              <input
                autocomplete="off"
                class="react-datetime-picker__inputGroup__input react-datetime-picker__inputGroup__year"
                data-input="true"
                inputmode="numeric"
                max="275760"
                min="1"
                name="year"
                placeholder="----"
                required=""
                step="1"
                type="number"
                value="2018"
              />
              <span
                class="react-datetime-picker__inputGroup__divider"
              >
                 
              </span>
              <input
                autocomplete="off"
                class="react-datetime-picker__inputGroup__input react-datetime-picker__inputGroup__hour"
                data-input="true"
                inputmode="numeric"
                max="23"
                min="0"
                name="hour24"
                placeholder="--"
                required=""
                type="number"
                value="15"
              />
              <span
                class="react-datetime-picker__inputGroup__divider"
              >
                :
              </span>
              <input
                autocomplete="off"
                class="react-datetime-picker__inputGroup__input react-datetime-picker__inputGroup__minute"
                data-input="true"
                inputmode="numeric"
                max="59"
                min="0"
                name="minute"
                placeholder="--"
                required=""
                type="number"
                value="43"
              />
            </div>
            <button
              class="react-datetime-picker__clear-button react-datetime-picker__button"
              type="button"
            >
              <svg
                class="react-datetime-picker__clear-button__icon react-datetime-picker__button__icon"
                height="19"
                stroke="black"
                stroke-width="2"
                viewBox="0 0 19 19"
                width="19"
                xmlns="http://www.w3.org/2000/svg"
              >
                <line
                  x1="4"
                  x2="15"
                  y1="4"
                  y2="15"
                />
                <line
                  x1="15"
                  x2="4"
                  y1="4"
                  y2="15"
                />
              </svg>
            </button>
            <button
              class="react-datetime-picker__calendar-button react-datetime-picker__button"
              type="button"
            >
              <svg
                class="react-datetime-picker__calendar-button__icon react-datetime-picker__button__icon"
                height="19"
                stroke="black"
                stroke-width="2"
                viewBox="0 0 19 19"
                width="19"
                xmlns="http://www.w3.org/2000/svg"
              >
                <rect
                  fill="none"
                  height="15"
                  width="15"
                  x="2"
                  y="2"
                />
                <line
                  x1="6"
                  x2="6"
                  y1="0"
                  y2="4"
                />
                <line
                  x1="13"
                  x2="13"
                  y1="0"
                  y2="4"
                />
              </svg>
            </button>
          </div>
        </div>
        <small
          class="form-text text-muted"
        />
      </div>
      <div
        class="form-group"
      >
        <label
          for="field-colour"
        >
          Colour Scheme
        </label>
        <select
          class="form-control colour  "
          id="field-colour"
          name="colour"
          placeholder="Colour Scheme"
        >
          <option
            value="blue"
          >
            blue
          </option>
          <option
            value="christmas"
          >
            christmas
          </option>
          <option
            value="cyan"
          >
            cyan
          </option>
          <option
            value="green"
          >
            green
          </option>
          <option
            value="grey"
          >
            grey
          </option>
          <option
            value="magenta"
          >
            magenta
          </option>
          <option
            value="orange"
          >
            orange
          </option>
          <option
            value="pink"
          >
            pink
          </option>
          <option
            value="pride"
          >
            pride
          </option>
          <option
            value="purple"
          >
            purple
          </option>
          <option
            value="red"
          >
            red
          </option>
          <option
            value="yellow"
          >
            yellow
          </option>
        </select>
        <small
          class="form-text text-muted"
        >
          Colour scheme for this round
        </small>
      </div>
      <div
        class="form-group"
      >
        <label
          for="field-artist"
        >
          Include Artist
        </label>
        <input
          class="form-control   "
          id="field-artist"
          name="artist"
          placeholder="Include Artist"
          type="checkbox"
        />
        <small
          class="form-text text-muted"
        />
      </div>
      <div
        class="clearfix"
      >
        <button
          class="btn btn-success login-button mr-4"
          type="submit"
        >
          Save Changes
        </button>
        <button
          class="btn btn-warning mr-4"
          name="reset"
          type="button"
        >
          Discard Changes
        </button>
      </div>
    </form>
    <div
      class="action-panel"
    >
      <button
        class="btn btn-primary ml-2"
      >
        Import a game
      </button>
      <button
        class="btn btn-primary ml-2"
      >
        Export game
      </button>
      <button
        class="btn btn-danger ml-2"
      >
        Delete game
      </button>
    </div>
    ;
    <div>
      <table
        class="table table-bordered track-listing"
      >
        <thead>
          <tr>
            <th
              class="heading"
              colspan="6"
            >
              Track listing for Game 18-04-22-2: "Various Artists"
            </th>
          </tr>
          <tr>
            <th
              class="number"
            >
              #
            </th>
            <th
              class="start-time"
            >
              Start
            </th>
            <th
              class="title"
            >
              Title
            </th>
            <th
              class="artist"
            >
              Artist
            </th>
            <th
              class="album"
            >
              Album
            </th>
            <th
              class="duration"
            >
              Duration
            </th>
          </tr>
        </thead>
        <tbody>
          <tr
            class="track blue-theme"
            data-testid="track[6597]"
          >
            <td
              class="number"
            >
              1
            </td>
            <td
              class="start-time"
            >
              00:00.0
            </td>
            <td
              class="title"
            >
              Dancing In The Moonlight
            </td>
            <td
              class="artist"
            >
              Toploader
            </td>
            <td
              class="album"
            >
              lost+found
            </td>
            <td
              class="duration"
            >
              00:00.0
            </td>
          </tr>
          <tr
            class="track blue-theme"
            data-testid="track[6598]"
          >
            <td
              class="number"
            >
              2
            </td>
            <td
              class="start-time"
            >
              00:00.0
            </td>
            <td
              class="title"
            >
              Here I Go Again
            </td>
            <td
              class="artist"
            >
              Whitesnake
            </td>
            <td
              class="album"
            >
              lost+found
            </td>
            <td
              class="duration"
            >
              00:00.0
            </td>
          </tr>
          <tr
            class="track blue-theme"
            data-testid="track[6599]"
          >
            <td
              class="number"
            >
              3
            </td>
            <td
              class="start-time"
            >
              00:00.0
            </td>
            <td
              class="title"
            >
              Give It Away
            </td>
            <td
              class="artist"
            >
              Red Hot Chili Peppers
            </td>
            <td
              class="album"
            >
              lost+found
            </td>
            <td
              class="duration"
            >
              00:00.0
            </td>
          </tr>
          <tr
            class="track blue-theme"
            data-testid="track[6600]"
          >
            <td
              class="number"
            >
              4
            </td>
            <td
              class="start-time"
            >
              00:00.0
            </td>
            <td
              class="title"
            >
              In The Midnight Hour
            </td>
            <td
              class="artist"
            >
              Wilson Pickett
            </td>
            <td
              class="album"
            >
              lost+found
            </td>
            <td
              class="duration"
            >
              00:00.0
            </td>
          </tr>
          <tr
            class="track blue-theme"
            data-testid="track[6601]"
          >
            <td
              class="number"
            >
              5
            </td>
            <td
              class="start-time"
            >
              00:00.0
            </td>
            <td
              class="title"
            >
              A Message To You Rudy (ft. Rico)
            </td>
            <td
              class="artist"
            >
              The Specials
            </td>
            <td
              class="album"
            >
              lost+found
            </td>
            <td
              class="duration"
            >
              00:00.0
            </td>
          </tr>
          <tr
            class="track blue-theme"
            data-testid="track[6602]"
          >
            <td
              class="number"
            >
              6
            </td>
            <td
              class="start-time"
            >
              00:00.0
            </td>
            <td
              class="title"
            >
              Love Train
            </td>
            <td
              class="artist"
            >
              The O'jays
            </td>
            <td
              class="album"
            >
              lost+found
            </td>
            <td
              class="duration"
            >
              00:00.0
            </td>
          </tr>
          <tr
            class="track blue-theme"
            data-testid="track[6603]"
          >
            <td
              class="number"
            >
              7
            </td>
            <td
              class="start-time"
            >
              00:00.0
            </td>
            <td
              class="title"
            >
              Le Freak
            </td>
            <td
              class="artist"
            >
              Chic
            </td>
            <td
              class="album"
            >
              lost+found
            </td>
            <td
              class="duration"
            >
              00:00.0
            </td>
          </tr>
          <tr
            class="track blue-theme"
            data-testid="track[6604]"
          >
            <td
              class="number"
            >
              8
            </td>
            <td
              class="start-time"
            >
              00:00.0
            </td>
            <td
              class="title"
            >
              Worried About Ray
            </td>
            <td
              class="artist"
            >
              The Hoosiers
            </td>
            <td
              class="album"
            >
              lost+found
            </td>
            <td
              class="duration"
            >
              00:00.0
            </td>
          </tr>
          <tr
            class="track blue-theme"
            data-testid="track[6605]"
          >
            <td
              class="number"
            >
              9
            </td>
            <td
              class="start-time"
            >
              00:00.0
            </td>
            <td
              class="title"
            >
              (Dont Fear) The Reaper
            </td>
            <td
              class="artist"
            >
              Blue Oyster Cult
            </td>
            <td
              class="album"
            >
              lost+found
            </td>
            <td
              class="duration"
            >
              00:00.0
            </td>
          </tr>
          <tr
            class="track blue-theme"
            data-testid="track[6606]"
          >
            <td
              class="number"
            >
              10
            </td>
            <td
              class="start-time"
            >
              00:00.0
            </td>
            <td
              class="title"
            >
              December, 1963 (Oh What A Night!)
            </td>
            <td
              class="artist"
            >
              Frankie Valli & The Four Seasons
            </td>
            <td
              class="album"
            >
              lost+found
            </td>
            <td
              class="duration"
            >
              00:00.0
            </td>
          </tr>
          <tr
            class="track blue-theme"
            data-testid="track[6607]"
          >
            <td
              class="number"
            >
              11
            </td>
            <td
              class="start-time"
            >
              00:00.0
            </td>
            <td
              class="title"
            >
              Brown Eyed Girl
            </td>
            <td
              class="artist"
            >
              Van Morrison
            </td>
            <td
              class="album"
            >
              lost+found
            </td>
            <td
              class="duration"
            >
              00:00.0
            </td>
          </tr>
          <tr
            class="track blue-theme"
            data-testid="track[6608]"
          >
            <td
              class="number"
            >
              12
            </td>
            <td
              class="start-time"
            >
              00:00.0
            </td>
            <td
              class="title"
            >
              Didn't I (Blow Your Mind This Time)
            </td>
            <td
              class="artist"
            >
              The Delfonics
            </td>
            <td
              class="album"
            >
              lost+found
            </td>
            <td
              class="duration"
            >
              00:00.0
            </td>
          </tr>
          <tr
            class="track blue-theme"
            data-testid="track[6609]"
          >
            <td
              class="number"
            >
              13
            </td>
            <td
              class="start-time"
            >
              00:00.0
            </td>
            <td
              class="title"
            >
              Break On Through
            </td>
            <td
              class="artist"
            >
              The Doors
            </td>
            <td
              class="album"
            >
              lost+found
            </td>
            <td
              class="duration"
            >
              00:00.0
            </td>
          </tr>
          <tr
            class="track blue-theme"
            data-testid="track[6610]"
          >
            <td
              class="number"
            >
              14
            </td>
            <td
              class="start-time"
            >
              00:00.0
            </td>
            <td
              class="title"
            >
              Pick Up The Pieces
            </td>
            <td
              class="artist"
            >
              Average White Band
            </td>
            <td
              class="album"
            >
              lost+found
            </td>
            <td
              class="duration"
            >
              00:00.0
            </td>
          </tr>
          <tr
            class="track blue-theme"
            data-testid="track[6611]"
          >
            <td
              class="number"
            >
              15
            </td>
            <td
              class="start-time"
            >
              00:00.0
            </td>
            <td
              class="title"
            >
              Ride A Wild Horse
            </td>
            <td
              class="artist"
            >
              Dee Clark
            </td>
            <td
              class="album"
            >
              lost+found
            </td>
            <td
              class="duration"
            >
              00:00.0
            </td>
          </tr>
          <tr
            class="track blue-theme"
            data-testid="track[6612]"
          >
            <td
              class="number"
            >
              16
            </td>
            <td
              class="start-time"
            >
              00:00.0
            </td>
            <td
              class="title"
            >
              Ferry Cross The Mersey (Mono)
            </td>
            <td
              class="artist"
            >
              Gerry & The Pacemakers
            </td>
            <td
              class="album"
            >
              lost+found
            </td>
            <td
              class="duration"
            >
              00:00.0
            </td>
          </tr>
          <tr
            class="track blue-theme"
            data-testid="track[6613]"
          >
            <td
              class="number"
            >
              17
            </td>
            <td
              class="start-time"
            >
              00:00.0
            </td>
            <td
              class="title"
            >
              September
            </td>
            <td
              class="artist"
            >
              Earth Wind & Fire
            </td>
            <td
              class="album"
            >
              lost+found
            </td>
            <td
              class="duration"
            >
              00:00.0
            </td>
          </tr>
          <tr
            class="track blue-theme"
            data-testid="track[6614]"
          >
            <td
              class="number"
            >
              18
            </td>
            <td
              class="start-time"
            >
              00:00.0
            </td>
            <td
              class="title"
            >
              Crazy Chick
            </td>
            <td
              class="artist"
            >
              Charlotte Church
            </td>
            <td
              class="album"
            >
              lost+found
            </td>
            <td
              class="duration"
            >
              00:00.0
            </td>
          </tr>
          <tr
            class="track blue-theme"
            data-testid="track[6615]"
          >
            <td
              class="number"
            >
              19
            </td>
            <td
              class="start-time"
            >
              00:00.0
            </td>
            <td
              class="title"
            >
              Black Betty
            </td>
            <td
              class="artist"
            >
              Ram Jam
            </td>
            <td
              class="album"
            >
              lost+found
            </td>
            <td
              class="duration"
            >
              00:00.0
            </td>
          </tr>
          <tr
            class="track blue-theme"
            data-testid="track[6616]"
          >
            <td
              class="number"
            >
              20
            </td>
            <td
              class="start-time"
            >
              00:00.0
            </td>
            <td
              class="title"
            >
              School's Out
            </td>
            <td
              class="artist"
            >
              Alice Cooper
            </td>
            <td
              class="album"
            >
              lost+found
            </td>
            <td
              class="duration"
            >
              00:00.0
            </td>
          </tr>
          <tr
            class="track blue-theme"
            data-testid="track[6617]"
          >
            <td
              class="number"
            >
              21
            </td>
            <td
              class="start-time"
            >
              00:00.0
            </td>
            <td
              class="title"
            >
              I'm Coming Out
            </td>
            <td
              class="artist"
            >
              Diana Ross
            </td>
            <td
              class="album"
            >
              lost+found
            </td>
            <td
              class="duration"
            >
              00:00.0
            </td>
          </tr>
          <tr
            class="track blue-theme"
            data-testid="track[6618]"
          >
            <td
              class="number"
            >
              22
            </td>
            <td
              class="start-time"
            >
              00:00.0
            </td>
            <td
              class="title"
            >
              Pretty In Pink
            </td>
            <td
              class="artist"
            >
              The Psychedelic Furs
            </td>
            <td
              class="album"
            >
              lost+found
            </td>
            <td
              class="duration"
            >
              00:00.0
            </td>
          </tr>
          <tr
            class="track blue-theme"
            data-testid="track[6619]"
          >
            <td
              class="number"
            >
              23
            </td>
            <td
              class="start-time"
            >
              00:00.0
            </td>
            <td
              class="title"
            >
              A Groovy Kind Of Love
            </td>
            <td
              class="artist"
            >
              Wayne Fontana & The Mindbenders
            </td>
            <td
              class="album"
            >
              lost+found
            </td>
            <td
              class="duration"
            >
              00:00.0
            </td>
          </tr>
          <tr
            class="track blue-theme"
            data-testid="track[6620]"
          >
            <td
              class="number"
            >
              24
            </td>
            <td
              class="start-time"
            >
              00:00.0
            </td>
            <td
              class="title"
            >
              (You Got Me) Danglin' On A String
            </td>
            <td
              class="artist"
            >
              Chairmen Of The Board
            </td>
            <td
              class="album"
            >
              lost+found
            </td>
            <td
              class="duration"
            >
              00:00.0
            </td>
          </tr>
          <tr
            class="track blue-theme"
            data-testid="track[6621]"
          >
            <td
              class="number"
            >
              25
            </td>
            <td
              class="start-time"
            >
              00:00.0
            </td>
            <td
              class="title"
            >
              Soul City Walk
            </td>
            <td
              class="artist"
            >
              Archie Bell And The Drells
            </td>
            <td
              class="album"
            >
              lost+found
            </td>
            <td
              class="duration"
            >
              00:00.0
            </td>
          </tr>
          <tr
            class="track blue-theme"
            data-testid="track[6622]"
          >
            <td
              class="number"
            >
              26
            </td>
            <td
              class="start-time"
            >
              00:00.0
            </td>
            <td
              class="title"
            >
              Home Is Where The Heart Is
            </td>
            <td
              class="artist"
            >
              Bobby Womack & The Brotherhood
            </td>
            <td
              class="album"
            >
              lost+found
            </td>
            <td
              class="duration"
            >
              00:00.0
            </td>
          </tr>
          <tr
            class="track blue-theme"
            data-testid="track[6623]"
          >
            <td
              class="number"
            >
              27
            </td>
            <td
              class="start-time"
            >
              00:00.0
            </td>
            <td
              class="title"
            >
              (Sittin' On) The Dock Of The Bay
            </td>
            <td
              class="artist"
            >
              Otis Redding
            </td>
            <td
              class="album"
            >
              lost+found
            </td>
            <td
              class="duration"
            >
              00:00.0
            </td>
          </tr>
          <tr
            class="track blue-theme"
            data-testid="track[6624]"
          >
            <td
              class="number"
            >
              28
            </td>
            <td
              class="start-time"
            >
              00:00.0
            </td>
            <td
              class="title"
            >
              Family Affair
            </td>
            <td
              class="artist"
            >
              Sly And The Family Stone
            </td>
            <td
              class="album"
            >
              lost+found
            </td>
            <td
              class="duration"
            >
              00:00.0
            </td>
          </tr>
          <tr
            class="track blue-theme"
            data-testid="track[6625]"
          >
            <td
              class="number"
            >
              29
            </td>
            <td
              class="start-time"
            >
              00:00.0
            </td>
            <td
              class="title"
            >
              Nu-flow
            </td>
            <td
              class="artist"
            >
              Big Brovaz
            </td>
            <td
              class="album"
            >
              lost+found
            </td>
            <td
              class="duration"
            >
              00:00.0
            </td>
          </tr>
          <tr
            class="track blue-theme"
            data-testid="track[6626]"
          >
            <td
              class="number"
            >
              30
            </td>
            <td
              class="start-time"
            >
              00:00.0
            </td>
            <td
              class="title"
            >
              Love & Pride
            </td>
            <td
              class="artist"
            >
              King
            </td>
            <td
              class="album"
            >
              lost+found
            </td>
            <td
              class="duration"
            >
              00:00.0
            </td>
          </tr>
        </tbody>
      </table>
    </div>
  </div>
</DocumentFragment>
`;
