// Vitest Snapshot v1, https://vitest.dev/guide/snapshot.html

exports[`PlayGamePage component > renders the selected game 1`] = `
<DocumentFragment>
  <div
    class="card-list"
  >
    <div
      class="view-ticket"
    >
      <div
        class="download"
      >
        <button
          class="btn btn-primary btn-lg"
        >
          Download ticket 1
        </button>
      </div>
      <table
        class="bingo-ticket table"
        data-game-id="18-04-22-2"
        data-ticket-number="1"
      >
        <thead>
          <tr>
            <th
              class="logo"
              colspan="5"
            />
          </tr>
        </thead>
        <tbody>
          <tr>
            <td
              class="bingo-cell  with-artist"
              style="width: 20%; background-color: rgb(218, 237, 255);"
            >
              <div
                class="bingo-cell-wrap"
              >
                <p
                  class="title"
                >
                  The Time Warp
                </p>
                <p
                  class="artist"
                >
                  Jason Donovan & The Rocky Horror Picture Show Cast
                </p>
              </div>
            </td>
            <td
              class="bingo-cell  with-artist"
              style="width: 20%; background-color: rgb(240, 248, 255);"
            >
              <div
                class="bingo-cell-wrap"
              >
                <p
                  class="title"
                >
                  Can You Feel The Love Tonight?
                </p>
                <p
                  class="artist"
                >
                  John Barrowman
                </p>
              </div>
            </td>
            <td
              class="bingo-cell  with-artist"
              style="width: 20%; background-color: rgb(218, 237, 255);"
            >
              <div
                class="bingo-cell-wrap"
              >
                <p
                  class="title"
                >
                  The Phantom Of The Opera
                </p>
                <p
                  class="artist"
                >
                  Michael Crawford Feat. Barbara Bonney
                </p>
              </div>
            </td>
            <td
              class="bingo-cell  with-artist"
              style="width: 20%; background-color: rgb(240, 248, 255);"
            >
              <div
                class="bingo-cell-wrap"
              >
                <p
                  class="title"
                >
                  Waiting For A Girl Like You
                </p>
                <p
                  class="artist"
                >
                  Constantine Maroulis
                </p>
              </div>
            </td>
            <td
              class="bingo-cell  with-artist"
              style="width: 20%; background-color: rgb(218, 237, 255);"
            >
              <div
                class="bingo-cell-wrap"
              >
                <p
                  class="title"
                >
                  My Favourite Things
                </p>
                <p
                  class="artist"
                >
                  Connie Fisher
                </p>
              </div>
            </td>
          </tr>
          <tr>
            <td
              class="bingo-cell  with-artist"
              style="width: 20%; background-color: rgb(240, 248, 255);"
            >
              <div
                class="bingo-cell-wrap"
              >
                <p
                  class="title"
                >
                  I Know Him So Well 
                </p>
                <p
                  class="artist"
                >
                  Barbara Dickson
                </p>
              </div>
            </td>
            <td
              class="bingo-cell  with-artist"
              style="width: 20%; background-color: rgb(218, 237, 255);"
            >
              <div
                class="bingo-cell-wrap"
              >
                <p
                  class="title"
                >
                  America
                </p>
                <p
                  class="artist"
                >
                  Jennifer Hepburn, Nick Ferranti & Company
                </p>
              </div>
            </td>
            <td
              class="bingo-cell  with-artist"
              style="width: 20%; background-color: rgb(240, 248, 255);"
            >
              <div
                class="bingo-cell-wrap"
              >
                <p
                  class="title"
                >
                  Talk To The Animals
                </p>
                <p
                  class="artist"
                >
                  Phillip Schofield
                </p>
              </div>
            </td>
            <td
              class="bingo-cell  with-artist"
              style="width: 20%; background-color: rgb(218, 237, 255);"
            >
              <div
                class="bingo-cell-wrap"
              >
                <p
                  class="title"
                >
                  Don't Cry For Me Argentina
                </p>
                <p
                  class="artist"
                >
                  Julie Covington
                </p>
              </div>
            </td>
            <td
              class="bingo-cell  with-artist"
              style="width: 20%; background-color: rgb(240, 248, 255);"
            >
              <div
                class="bingo-cell-wrap"
              >
                <p
                  class="title"
                >
                  I'm A Believer
                </p>
                <p
                  class="artist"
                >
                  Shrek Ensemble
                </p>
              </div>
            </td>
          </tr>
          <tr>
            <td
              class="bingo-cell  with-artist"
              style="width: 20%; background-color: rgb(218, 237, 255);"
            >
              <div
                class="bingo-cell-wrap"
              >
                <p
                  class="title"
                >
                  Pop Muzik
                </p>
                <p
                  class="artist"
                >
                  M
                </p>
              </div>
            </td>
            <td
              class="bingo-cell  with-artist"
              style="width: 20%; background-color: rgb(240, 248, 255);"
            >
              <div
                class="bingo-cell-wrap"
              >
                <p
                  class="title"
                >
                  All I Ask Of You
                </p>
                <p
                  class="artist"
                >
                  Cliff Richard & Sarah Brightman
                </p>
              </div>
            </td>
            <td
              class="bingo-cell  with-artist"
              style="width: 20%; background-color: rgb(218, 237, 255);"
            >
              <div
                class="bingo-cell-wrap"
              >
                <p
                  class="title"
                >
                  Tell Me It's Not True
                </p>
                <p
                  class="artist"
                >
                  Barbara Dickson
                </p>
              </div>
            </td>
            <td
              class="bingo-cell  with-artist"
              style="width: 20%; background-color: rgb(240, 248, 255);"
            >
              <div
                class="bingo-cell-wrap"
              >
                <p
                  class="title"
                >
                  Send In The Clowns
                </p>
                <p
                  class="artist"
                >
                  Sian Phillips With The NSO Ensemble
                </p>
              </div>
            </td>
            <td
              class="bingo-cell  with-artist"
              style="width: 20%; background-color: rgb(218, 237, 255);"
            >
              <div
                class="bingo-cell-wrap"
              >
                <p
                  class="title"
                >
                  Over The Rainbow
                </p>
                <p
                  class="artist"
                >
                  Helen Hobson
                </p>
              </div>
            </td>
          </tr>
        </tbody>
        <tfoot>
          <tr>
            <th
              class="footer-title"
              colspan="3"
            >
              Various Artists
            </th>
            <th
              class="footer-number"
              colspan="2"
            >
              Game 18-04-22-2 / Ticket 1
            </th>
          </tr>
        </tfoot>
      </table>
    </div>
  </div>
</DocumentFragment>
`;

exports[`PlayGamePage component renders the selected game 1`] = `
<DocumentFragment>
  <div
    class="card-list"
  >
    <div
      class="view-ticket"
    >
      <div
        class="download"
      >
        <button
          class="btn btn-primary btn-lg"
        >
          Download ticket 1
        </button>
      </div>
      <table
        class="bingo-ticket table"
        data-game-id="18-04-22-2"
        data-ticket-number="1"
      >
        <thead>
          <tr>
            <th
              class="logo"
              colspan="5"
            />
          </tr>
        </thead>
        <tbody>
          <tr>
            <td
              class="bingo-cell  with-artist"
              style="width: 20%; background-color: rgb(218, 237, 255);"
            >
              <div
                class="bingo-cell-wrap"
              >
                <p
                  class="title"
                >
                  The Time Warp
                </p>
                <p
                  class="artist"
                >
                  Jason Donovan & The Rocky Horror Picture Show Cast
                </p>
              </div>
            </td>
            <td
              class="bingo-cell  with-artist"
              style="width: 20%; background-color: rgb(240, 248, 255);"
            >
              <div
                class="bingo-cell-wrap"
              >
                <p
                  class="title"
                >
                  Can You Feel The Love Tonight?
                </p>
                <p
                  class="artist"
                >
                  John Barrowman
                </p>
              </div>
            </td>
            <td
              class="bingo-cell  with-artist"
              style="width: 20%; background-color: rgb(218, 237, 255);"
            >
              <div
                class="bingo-cell-wrap"
              >
                <p
                  class="title"
                >
                  The Phantom Of The Opera
                </p>
                <p
                  class="artist"
                >
                  Michael Crawford Feat. Barbara Bonney
                </p>
              </div>
            </td>
            <td
              class="bingo-cell  with-artist"
              style="width: 20%; background-color: rgb(240, 248, 255);"
            >
              <div
                class="bingo-cell-wrap"
              >
                <p
                  class="title"
                >
                  Waiting For A Girl Like You
                </p>
                <p
                  class="artist"
                >
                  Constantine Maroulis
                </p>
              </div>
            </td>
            <td
              class="bingo-cell  with-artist"
              style="width: 20%; background-color: rgb(218, 237, 255);"
            >
              <div
                class="bingo-cell-wrap"
              >
                <p
                  class="title"
                >
                  My Favourite Things
                </p>
                <p
                  class="artist"
                >
                  Connie Fisher
                </p>
              </div>
            </td>
          </tr>
          <tr>
            <td
              class="bingo-cell  with-artist"
              style="width: 20%; background-color: rgb(240, 248, 255);"
            >
              <div
                class="bingo-cell-wrap"
              >
                <p
                  class="title"
                >
                  I Know Him So Well 
                </p>
                <p
                  class="artist"
                >
                  Barbara Dickson
                </p>
              </div>
            </td>
            <td
              class="bingo-cell  with-artist"
              style="width: 20%; background-color: rgb(218, 237, 255);"
            >
              <div
                class="bingo-cell-wrap"
              >
                <p
                  class="title"
                >
                  America
                </p>
                <p
                  class="artist"
                >
                  Jennifer Hepburn, Nick Ferranti & Company
                </p>
              </div>
            </td>
            <td
              class="bingo-cell  with-artist"
              style="width: 20%; background-color: rgb(240, 248, 255);"
            >
              <div
                class="bingo-cell-wrap"
              >
                <p
                  class="title"
                >
                  Talk To The Animals
                </p>
                <p
                  class="artist"
                >
                  Phillip Schofield
                </p>
              </div>
            </td>
            <td
              class="bingo-cell  with-artist"
              style="width: 20%; background-color: rgb(218, 237, 255);"
            >
              <div
                class="bingo-cell-wrap"
              >
                <p
                  class="title"
                >
                  Don't Cry For Me Argentina
                </p>
                <p
                  class="artist"
                >
                  Julie Covington
                </p>
              </div>
            </td>
            <td
              class="bingo-cell  with-artist"
              style="width: 20%; background-color: rgb(240, 248, 255);"
            >
              <div
                class="bingo-cell-wrap"
              >
                <p
                  class="title"
                >
                  I'm A Believer
                </p>
                <p
                  class="artist"
                >
                  Shrek Ensemble
                </p>
              </div>
            </td>
          </tr>
          <tr>
            <td
              class="bingo-cell  with-artist"
              style="width: 20%; background-color: rgb(218, 237, 255);"
            >
              <div
                class="bingo-cell-wrap"
              >
                <p
                  class="title"
                >
                  Pop Muzik
                </p>
                <p
                  class="artist"
                >
                  M
                </p>
              </div>
            </td>
            <td
              class="bingo-cell  with-artist"
              style="width: 20%; background-color: rgb(240, 248, 255);"
            >
              <div
                class="bingo-cell-wrap"
              >
                <p
                  class="title"
                >
                  All I Ask Of You
                </p>
                <p
                  class="artist"
                >
                  Cliff Richard & Sarah Brightman
                </p>
              </div>
            </td>
            <td
              class="bingo-cell  with-artist"
              style="width: 20%; background-color: rgb(218, 237, 255);"
            >
              <div
                class="bingo-cell-wrap"
              >
                <p
                  class="title"
                >
                  Tell Me It's Not True
                </p>
                <p
                  class="artist"
                >
                  Barbara Dickson
                </p>
              </div>
            </td>
            <td
              class="bingo-cell  with-artist"
              style="width: 20%; background-color: rgb(240, 248, 255);"
            >
              <div
                class="bingo-cell-wrap"
              >
                <p
                  class="title"
                >
                  Send In The Clowns
                </p>
                <p
                  class="artist"
                >
                  Sian Phillips With The NSO Ensemble
                </p>
              </div>
            </td>
            <td
              class="bingo-cell  with-artist"
              style="width: 20%; background-color: rgb(218, 237, 255);"
            >
              <div
                class="bingo-cell-wrap"
              >
                <p
                  class="title"
                >
                  Over The Rainbow
                </p>
                <p
                  class="artist"
                >
                  Helen Hobson
                </p>
              </div>
            </td>
          </tr>
        </tbody>
        <tfoot>
          <tr>
            <th
              class="footer-title"
              colspan="3"
            >
              Various Artists
            </th>
            <th
              class="footer-number"
              colspan="2"
            >
              Game 18-04-22-2 / Ticket 1
            </th>
          </tr>
        </tfoot>
      </table>
    </div>
  </div>
</DocumentFragment>
`;
